// Jest Snapshot v1, https://goo.gl/fbAQLP

exports[`When To Do Item Rendered Expect render successfully 1`] = `
<div
  class="p-5 bg-white shadow-lg rounded mb-4"
  role="CTodoItem"
>
  <div
    class="p-2"
  >
    <h3
      class="text-xl "
    >
      <span
        class="font-bold"
      >
        Title: 
      </span>
      This is demo title
    </h3>
    <p>
      <span
        class="font-bold "
      >
        Description:
      </span>
       
      Hello this is completed
    </p>
    <div
      class="flex space-x-4 mt-2"
    >
      <span
        class="cursor-pointer"
        role="CButton"
      >
        <span
          class="flex justify-center items-center  "
        >
          <span
            class="text-base md:text-base_2  flex justify-center items-center px-[1rem] py-[0.5rem] rounded-[0.563rem] w-[100%] h-[100%] bg-[#EDEDED] hover:bg-[#7A67EE]  duration-[0.5s] text-[#7A67EE] hover:text-[#EDEDED]   border-[0.063rem] hover:border-[#EDEDED] border-[#7A67EE]   "
          >
            <span>
              Edit
            </span>
            <span
              class="ml-[1rem] h-[1.5rem] w-[1.5rem]  flex justify-center items-center"
            >
              <svg
                fill="#7A67EE"
                height="1em"
                stroke="currentColor"
                stroke-width="0"
                viewBox="0 0 512 512"
                width="1em"
                xmlns="http://www.w3.org/2000/svg"
              >
                <path
                  d="M256 8c137 0 248 111 248 248S393 504 256 504 8 393 8 256 119 8 256 8zM140 300h116v70.9c0 10.7 13 16.1 20.5 8.5l114.3-114.9c4.7-4.7 4.7-12.2 0-16.9l-114.3-115c-7.6-7.6-20.5-2.2-20.5 8.5V212H140c-6.6 0-12 5.4-12 12v64c0 6.6 5.4 12 12 12z"
                />
              </svg>
            </span>
          </span>
        </span>
      </span>
      <span
        class="cursor-pointer"
        role="CButton"
      >
        <span
          class="flex justify-center items-center  "
        >
          <span
            class="text-base md:text-base_2  flex justify-center items-center px-[1rem] py-[0.5rem] rounded-[0.563rem] w-[100%] h-[100%] bg-[#EBF5EC] hover:bg-[#7F4D4F]  duration-[0.5s] text-[#7F4D4F] hover:text-[#EBF5EC]   border-[0.063rem] hover:border-[#EBF5EC] border-[#7F4D4F]   "
          >
            <span>
              Delete
            </span>
            <span
              class="ml-[1rem] h-[1.5rem] w-[1.5rem]  flex justify-center items-center"
            >
              <svg
                fill="#7F4D4F"
                height="1em"
                stroke="currentColor"
                stroke-width="0"
                viewBox="0 0 512 512"
                width="1em"
                xmlns="http://www.w3.org/2000/svg"
              >
                <path
                  d="M256 8c137 0 248 111 248 248S393 504 256 504 8 393 8 256 119 8 256 8zM140 300h116v70.9c0 10.7 13 16.1 20.5 8.5l114.3-114.9c4.7-4.7 4.7-12.2 0-16.9l-114.3-115c-7.6-7.6-20.5-2.2-20.5 8.5V212H140c-6.6 0-12 5.4-12 12v64c0 6.6 5.4 12 12 12z"
                />
              </svg>
            </span>
          </span>
        </span>
      </span>
    </div>
  </div>
</div>
`;
